----------------------------------------------------------------------------------------------------------------------------------------------------------------------------------
      name:  <unnamed>
       log:  /Users/jeremyschneider/Desktop/SEN PMT/log/SEN_PMT_Model_Performance_Urban_fixedpr.log
  log type:  text
 opened on:   1 Jun 2025, 16:01:37

. 
. use "$data/data4model_2021_IMPUTED.dta", clear

. keep if milieu==1 // (milieu: 1=urban, 2=rural)
(3,198 observations deleted)

. 
. global weight popweight

. global lnwelfare lpcexp

. global welfare pcexp

. 
. twoway kdensity lpcexp_pred [aw=$weight] || kdensity lpcexp_pred if b40==1 [aw=$weight], legend(order(1 "All Urban HBS" 2 "Urban HBS in Bottom 40%") size(small)) title("Urban H
> BS: Distribution of Predicted Log Expenditure (PMT scores)", size(medsmall)) 

. 
. gen samplesize = _N

. xtile decile = $lnwelfare [aw=$weight], nq(10)

. 
. gen actual = pcexp

. gen pmt = pcexp_pred

. 
. * Quintiles of pmt and actual 
. xtile pmt_quintile = pmt [aw=$weight], nq(5)

. xtile actual_quintile = actual [aw=$weight], nq(5)

. tab actual_quintile pmt_quintile  [aw = $weight]

         5 |
 quantiles |                  5 quantiles of pmt 
of actual  |         1          2          3          4          5 |     Total
-----------+-------------------------------------------------------+----------
         1 | 506.65568  208.52355  51.771828  15.042759  3.3265404 | 785.32036 
         2 | 175.04773  318.43814  223.20814  63.688541  3.9280883 | 784.31064 
         3 | 70.540774  172.36471  277.71407  223.48888   40.45587 | 784.56431 
         4 | 26.741418  76.551142  193.22198  307.66258  179.53056 | 783.70768 
         5 | 8.8588729   6.260358  37.325575  174.68804  556.96416 | 784.09701 
-----------+-------------------------------------------------------+----------
     Total | 787.84447  782.13791   783.2416  784.57081 784.205215 |     3,922 

. 
. 
. local list "20 25 30 50 75"

. 
. * Set cutoffs at specified percentiles in list above
. foreach t of numlist `list' {
  2.         foreach x of varlist actual pmt {
  3.                 _pctile `x' [aw=$weight] , p(`t') // here we calculate the percentile value of actual and pmt
  4.                 cap drop cut_`x'_`t'  poor_`x'_`t' 
  5.                 g cut_`x'_`t'=r(r1)  // here we define the cutoffs 
  6.                 g poor_`x'_`t'= (`x'<=cut_`x'_`t')  // here we define everyone who has a score below the cutoff as poor
  7.         }
  8. }

. 
. 
. * Targeting performance
. foreach t of numlist `list' {
  2. 
.         qui cap drop poor_pmtpoor_`t' nonpoor_pmtpoor_`t' poor_pmtnonpoor_`t' nonpoor_pmtnonpoor_`t'
  3.                 
.         qui g fpoor_pmtpoor_`t'         =       poor_actual_`t' == 1 & poor_pmt_`t'==1 // Household is actually poor and pmt predicted poor
  4.         qui g fnonpoor_pmtpoor_`t'      =       poor_actual_`t' == 0 & poor_pmt_`t'==1 // Household is not poor but pmt predicted poor
  5.         qui g fpoor_pmtnonpoor_`t'      =       poor_actual_`t' == 1 & poor_pmt_`t'==0 // Household is actually poor but pmt predicted not poor
  6.         qui g fnonpoor_pmtnonpoor_`t'=  poor_actual_`t' == 0 & poor_pmt_`t'==0 // Household is not poor and pmt predicted not poor
  7.         
.         qui g ftotalaccuracy`t' = ((fpoor_pmtpoor_`t'+fnonpoor_pmtnonpoor_`t')/(fpoor_pmtpoor_`t'+fpoor_pmtnonpoor_`t'+fnonpoor_pmtpoor_`t'+fnonpoor_pmtnonpoor_`t')) // (correc
> tly predicted poor + correctly pred nonpoor)/ Total sample size
  8.         qui g fpovertyaccuracy`t'  = (fpoor_pmtpoor_`t'/(fpoor_pmtpoor_`t'+fpoor_pmtnonpoor_`t')) // (correctly predicted poor) / (all poor)
  9.         qui g fnpovertyaccuracy`t' = (fnonpoor_pmtnonpoor_`t'/(fnonpoor_pmtpoor_`t'+fnonpoor_pmtnonpoor_`t')) // (correctly predicted not poor) / (all non poor)
 10.         qui g fundercoverage`t'    = (fpoor_pmtnonpoor_`t'/(fpoor_pmtpoor_`t'+fpoor_pmtnonpoor_`t'))  // (poor but predicted not poor PMT) / (all true poor)
 11.         qui g finclusionerror`t'   = (fnonpoor_pmtpoor_`t'/(fpoor_pmtpoor_`t'+fnonpoor_pmtpoor_`t')) // (not poor but PMT predicted poor) / (all PMT pred poor)
 12.         
. }

. 
. fsum ftotalaccuracy* fpovertyaccuracy* fnpovertyaccuracy* fundercoverage* finclusionerror*  [aw=$weight] 

            Variable |        N     Mean       SD      Min      Max                                                                                                                              
---------------------+---------------------------------------------
    ftotalaccuracy20 |     3922     0.86     0.35     0.00     1.00  
    ftotalaccuracy25 |     3922     0.83     0.38     0.00     1.00  
    ftotalaccuracy30 |     3922     0.82     0.38     0.00     1.00  
    ftotalaccuracy50 |     3922     0.81     0.39     0.00     1.00  
    ftotalaccuracy75 |     3922     0.87     0.34     0.00     1.00  
  fpovertyaccuracy20 |      846     0.65     0.48     0.00     1.00  
  fpovertyaccuracy25 |     1024     0.66     0.47     0.00     1.00  
  fpovertyaccuracy30 |     1189     0.71     0.45     0.00     1.00  
  fpovertyaccuracy50 |     1911     0.81     0.39     0.00     1.00  
  fpovertyaccuracy75 |     2778     0.91     0.28     0.00     1.00  
 fnpovertyaccuracy20 |     3076     0.91     0.29     0.00     1.00  
 fnpovertyaccuracy25 |     2898     0.89     0.32     0.00     1.00  
 fnpovertyaccuracy30 |     2733     0.87     0.33     0.00     1.00  
 fnpovertyaccuracy50 |     2011     0.81     0.39     0.00     1.00  
 fnpovertyaccuracy75 |     1144     0.73     0.44     0.00     1.00  
    fundercoverage20 |      846     0.35     0.48     0.00     1.00  
    fundercoverage25 |     1024     0.34     0.47     0.00     1.00  
    fundercoverage30 |     1189     0.29     0.45     0.00     1.00  
    fundercoverage50 |     1911     0.19     0.39     0.00     1.00  
    fundercoverage75 |     2778     0.09     0.28     0.00     1.00  
   finclusionerror20 |      856     0.36     0.48     0.00     1.00  
   finclusionerror25 |     1044     0.34     0.47     0.00     1.00  
   finclusionerror30 |     1231     0.29     0.45     0.00     1.00  
   finclusionerror50 |     1881     0.19     0.39     0.00     1.00  
   finclusionerror75 |     2744     0.09     0.28     0.00     1.00  

. 
. 
. 
. capture log close
