------------------------------------------------------------------------------------------------------------------------------------------------------------------------------------------------------------------------------------------------------------
      name:  <unnamed>
       log:  /Users/jeremyschneider/Desktop/SEN PMT/log/SEN_PMT_RNU_implementation_largermodel.log
  log type:  text
 opened on:  28 May 2025, 15:11:30

. 
. global weight popweight

. global lnwelfare lpcexp 

. 
. ****************************************************************
. * Load and append data
. ****************************************************************
. use "$data/data4model_2021_2.dta", clear

. 
. * Append registry data (target data)
. append using "$data/RNU_2024_clean.dta", gen(append) force
(note: variable hhid was str50 in the using data, but will be double now)
(variable dem_heduc_1 was byte, now float to accommodate using data's values)
(variable dem_branch_1 was byte, now float to accommodate using data's values)
(variable dem_hage was int, now float to accommodate using data's values)
(variable hhsize was byte, now float to accommodate using data's values)
(variable milieu was byte, now float to accommodate using data's values)
(variable a_ac was byte, now double to accommodate using data's values)
(variable a_car was byte, now double to accommodate using data's values)
(variable a_carpet was byte, now double to accommodate using data's values)
(variable a_iron was byte, now double to accommodate using data's values)
(variable a_charcoaliron was byte, now double to accommodate using data's values)
(variable a_computer was byte, now double to accommodate using data's values)
(variable a_cupboard was byte, now double to accommodate using data's values)
(variable a_fan was byte, now double to accommodate using data's values)
(variable a_fridge was byte, now double to accommodate using data's values)
(variable a_gastank was byte, now double to accommodate using data's values)
(variable a_living was byte, now double to accommodate using data's values)
(variable a_moped was byte, now double to accommodate using data's values)
(variable a_tv was byte, now double to accommodate using data's values)
(variable a_satellite was byte, now double to accommodate using data's values)
(variable a_stove was byte, now double to accommodate using data's values)
(variable ar_tractor was byte, now double to accommodate using data's values)
(variable c_connectedtoint was byte, now double to accommodate using data's values)
(variable c_connectedtotv was byte, now double to accommodate using data's values)
(variable c_connectowater was byte, now double to accommodate using data's values)
(variable c_numberofrooms_c was byte, now float to accommodate using data's values)
(variable c_housingocup_1 was byte, now float to accommodate using data's values)
(variable c_housingocup_3 was byte, now float to accommodate using data's values)
(variable l_sheep was byte, now float to accommodate using data's values)
(label ouinon already defined)

. gen survey = 0 

. replace survey = 1 if append==1 
(954,574 real changes made)

. label define survey 0 "HBS 2021" 1 "RNU 2024"

. label value survey survey

. drop append

. 
. ****************************************************************
. * Impute household expenditure in registry data
. ****************************************************************
. preserve

. 
. ** Urban *****
. keep if milieu==1 // (milieu: 1=urban, 2=rural)
(691,566 observations deleted)

. 
. global xvar     c_connectowater c_typehousing_2 c_connectedtoint dem_alfa_french c_walls_2 a_gastank a_computer c_lighting_1 c_numberofrooms_c a_cupboard region_1 a_carpet c_housingocup_3 c_floor_2 a_fan region_6 a_satellite region_8 a_fridge c_conne
> ctedtotv region_11 region_12 c_roof_1 dem_logsize dem_emp_rate

. 
. reg $lnwelfare $xvar [pw=$weight]
(sum of wgt is 8,299,754.5)

Linear regression                               Number of obs     =      3,922
                                                F(25, 3896)       =     182.59
                                                Prob > F          =     0.0000
                                                R-squared         =     0.7051
                                                Root MSE          =     .30708

-----------------------------------------------------------------------------------
                  |               Robust
           lpcexp | Coefficient  std. err.      t    P>|t|     [95% conf. interval]
------------------+----------------------------------------------------------------
  c_connectowater |   .1288149   .0194557     6.62   0.000     .0906706    .1669591
  c_typehousing_2 |   .0698544   .0216968     3.22   0.001     .0273162    .1123927
 c_connectedtoint |   .2323117   .0286612     8.11   0.000     .1761192    .2885041
  dem_alfa_french |   .0802081   .0164695     4.87   0.000     .0479185    .1124977
        c_walls_2 |  -.1030714   .0294681    -3.50   0.000    -.1608458   -.0452971
        a_gastank |   .0717618   .0184142     3.90   0.000     .0356594    .1078641
       a_computer |    .138694   .0281762     4.92   0.000     .0834524    .1939356
     c_lighting_1 |   .1107663   .0281806     3.93   0.000     .0555162    .1660165
c_numberofrooms_c |   .0581046   .0056939    10.20   0.000     .0469412     .069268
       a_cupboard |   .0818641   .0199408     4.11   0.000     .0427686    .1209596
         region_1 |   .0932949   .0204181     4.57   0.000     .0532637    .1333262
         a_carpet |   .0508334   .0172516     2.95   0.003     .0170103    .0846565
  c_housingocup_3 |  -.0645629   .0228429    -2.83   0.005    -.1093481   -.0197778
        c_floor_2 |   .1273091   .0235452     5.41   0.000     .0811469    .1734712
            a_fan |   .0555234   .0182915     3.04   0.002     .0196615    .0913853
         region_6 |    .103926   .0248128     4.19   0.000     .0552788    .1525733
      a_satellite |   .1453664   .0243431     5.97   0.000       .09764    .1930928
         region_8 |   .0648843   .0226033     2.87   0.004     .0205688    .1091997
         a_fridge |   .0715522   .0175503     4.08   0.000     .0371436    .1059609
  c_connectedtotv |   .0944053   .0176711     5.34   0.000     .0597599    .1290508
        region_11 |   .1097234    .033185     3.31   0.001     .0446619    .1747849
        region_12 |   .0766966   .0273052     2.81   0.005     .0231628    .1302304
         c_roof_1 |   .0675355   .0212875     3.17   0.002     .0257998    .1092712
      dem_logsize |  -.6296829   .0205993   -30.57   0.000    -.6700694   -.5892964
     dem_emp_rate |   .1334933   .0306349     4.36   0.000     .0734314    .1935553
            _cons |   13.55613   .0507428   267.15   0.000     13.45665    13.65562
-----------------------------------------------------------------------------------

. predict lpcexp_pred
(option xb assumed; fitted values)
(3,141 missing values generated)

. gen pcexp_pred=exp(lpcexp_pred)
(3,141 missing values generated)

. 
. fsum $xvar [aw=$weight] if survey==1 

          Variable |        N     Mean       SD      Min      Max                                                                                                                              
-------------------+---------------------------------------------
   c_connectowater |   266136     0.38     0.49     0.00     1.00  
   c_typehousing_2 |   266136     0.08     0.27     0.00     1.00  
  c_connectedtoint |   266136     0.15     0.35     0.00     1.00  
   dem_alfa_french |   266136     0.27     0.44     0.00     1.00  
         c_walls_2 |   266136     0.12     0.33     0.00     1.00  
         a_gastank |   266136     0.37     0.48     0.00     1.00  
        a_computer |   266136     0.04     0.20     0.00     1.00  
      c_lighting_1 |   266136     0.86     0.35     0.00     1.00  
 c_numberofrooms_c |   266136     3.62     1.70     1.00     7.00  
        a_cupboard |   266136     0.36     0.48     0.00     1.00  
          region_1 |   266136     0.34     0.47     0.00     1.00  
          a_carpet |   266136     0.28     0.45     0.00     1.00  
   c_housingocup_3 |   266136     0.14     0.35     0.00     1.00  
         c_floor_2 |   266135     0.18     0.39     0.00     1.00  
             a_fan |   266136     0.52     0.50     0.00     1.00  
          region_6 |   266136     0.05     0.22     0.00     1.00  
       a_satellite |   266136     0.37     0.48     0.00     1.00  
          region_8 |   266136     0.04     0.20     0.00     1.00  
          a_fridge |   266136     0.22     0.41     0.00     1.00  
   c_connectedtotv |   266136     0.37     0.48     0.00     1.00  
         region_11 |   266136     0.05     0.23     0.00     1.00  
         region_12 |   266136     0.02     0.15     0.00     1.00  
          c_roof_1 |   266136     0.27     0.44     0.00     1.00  
       dem_logsize |   266136     2.12     0.46     0.00     4.09  
      dem_emp_rate |   263066     0.74     0.27     0.00     1.00  

. tempfile urban_RNU_pred

. save `urban_RNU_pred', replace emptyok
(file /var/folders/hw/ylpkynv94_1gbcchyj5pw25m0000gn/T//S_44902.000002 not found)
file /var/folders/hw/ylpkynv94_1gbcchyj5pw25m0000gn/T//S_44902.000002 saved as .dta format

. 
. restore

. 
. ** Rural *****
. keep if milieu==2 // (milieu: 1=urban, 2=rural)
(270,128 observations deleted)

. 
. global xvar dem_hage a_fridge c_fuelfirst_3 dem_alfa_french a_moped a_fan region_2 region_3 a_tv c_lighting_1 region_6 region_7 l_sheep c_floor_2 c_walls_2 region_11 a_carpet region_13 dem_logsize c_floor_1 a_cupboard c_numberofrooms_c c_roof_1 a_cha
> rcoaliron a_gastank

. 
. reg $lnwelfare $xvar [pw=$weight]
(sum of wgt is 9,177,345)

Linear regression                               Number of obs     =      3,198
                                                F(25, 3172)       =     129.55
                                                Prob > F          =     0.0000
                                                R-squared         =     0.5797
                                                Root MSE          =     .31022

-----------------------------------------------------------------------------------
                  |               Robust
           lpcexp | Coefficient  std. err.      t    P>|t|     [95% conf. interval]
------------------+----------------------------------------------------------------
         dem_hage |   .0219067   .0082872     2.64   0.008     .0056579    .0381555
         a_fridge |   .0929156   .0241263     3.85   0.000     .0456109    .1402204
    c_fuelfirst_3 |   .0802567    .022414     3.58   0.000     .0363093    .1242042
  dem_alfa_french |   .0484638   .0168978     2.87   0.004      .015332    .0815955
          a_moped |   .1391459   .0234847     5.92   0.000     .0930992    .1851926
            a_fan |   .0882931   .0236301     3.74   0.000     .0419611     .134625
         region_2 |  -.0947856   .0322315    -2.94   0.003    -.1579823   -.0315888
         region_3 |  -.0625951   .0219639    -2.85   0.004    -.1056599   -.0195303
             a_tv |   .0891527   .0206261     4.32   0.000     .0487108    .1295947
     c_lighting_1 |   .1259157   .0212775     5.92   0.000     .0841968    .1676347
         region_6 |  -.1030886   .0235209    -4.38   0.000    -.1492064   -.0569708
         region_7 |  -.1433932   .0264814    -5.41   0.000    -.1953157   -.0914708
          l_sheep |   .0491145   .0145057     3.39   0.001     .0206729     .077556
        c_floor_2 |   .0872231   .0298463     2.92   0.003     .0287031     .145743
        c_walls_2 |  -.0581636   .0197159    -2.95   0.003    -.0968208   -.0195065
        region_11 |   .1235762   .0305895     4.04   0.000      .063599    .1835533
         a_carpet |   .0805573   .0166653     4.83   0.000     .0478814    .1132332
        region_13 |  -.1802221   .0476056    -3.79   0.000    -.2735629   -.0868813
      dem_logsize |  -.6084389   .0181588   -33.51   0.000    -.6440431   -.5728347
        c_floor_1 |   .0462126   .0167553     2.76   0.006     .0133603     .079065
       a_cupboard |   .0920893    .017921     5.14   0.000     .0569515    .1272272
c_numberofrooms_c |   .0443472   .0055045     8.06   0.000     .0335545    .0551399
         c_roof_1 |   .1519523   .0301164     5.05   0.000     .0929026    .2110019
   a_charcoaliron |   .0660523   .0154994     4.26   0.000     .0356624    .0964421
        a_gastank |   .0586013   .0181232     3.23   0.001     .0230668    .0941357
            _cons |   13.62798   .0420521   324.07   0.000     13.54552    13.71043
-----------------------------------------------------------------------------------

. predict lpcexp_pred
(option xb assumed; fitted values)
(142 missing values generated)

. gen pcexp_pred=exp(lpcexp_pred)
(142 missing values generated)

. 
. fsum $xvar [aw=$weight] if survey==1  

          Variable |        N     Mean       SD      Min      Max                                                                                                                              
-------------------+---------------------------------------------
          dem_hage |   688282     3.89     0.28     2.48     4.58  
          a_fridge |   688282     0.07     0.26     0.00     1.00  
     c_fuelfirst_3 |   688282     0.16     0.37     0.00     1.00  
   dem_alfa_french |   688282     0.12     0.32     0.00     1.00  
           a_moped |   688282     0.10     0.30     0.00     1.00  
             a_fan |   688282     0.22     0.41     0.00     1.00  
          region_2 |   688282     0.03     0.18     0.00     1.00  
          region_3 |   688282     0.15     0.36     0.00     1.00  
              a_tv |   688282     0.24     0.43     0.00     1.00  
      c_lighting_1 |   688282     0.47     0.50     0.00     1.00  
          region_6 |   688282     0.10     0.30     0.00     1.00  
          region_7 |   688282     0.12     0.33     0.00     1.00  
           l_sheep |   688282     0.29     0.45     0.00     1.00  
         c_floor_2 |   688226     0.04     0.19     0.00     1.00  
         c_walls_2 |   688282     0.17     0.38     0.00     1.00  
         region_11 |   688282     0.07     0.25     0.00     1.00  
          a_carpet |   688282     0.16     0.36     0.00     1.00  
         region_13 |   688282     0.01     0.12     0.00     1.00  
       dem_logsize |   688282     2.20     0.48     0.00     4.61  
         c_floor_1 |   688226     0.49     0.50     0.00     1.00  
        a_cupboard |   688282     0.16     0.36     0.00     1.00  
 c_numberofrooms_c |   688282     4.00     1.73     1.00     7.31  
          c_roof_1 |   688282     0.08     0.27     0.00     1.00  
    a_charcoaliron |   688282     0.17     0.37     0.00     1.00  
         a_gastank |   688282     0.17     0.38     0.00     1.00  

. append using `urban_RNU_pred'
(label survey already defined)
(label tranch_age already defined)
(label A18_VS1 already defined)
(label NAISCM_VS1 already defined)
(label A20_VS1 already defined)
(label A21_VS1 already defined)
(label ext_milieu already defined)
(label I22B_VS1 already defined)
(label I22_VS1 already defined)
(label I19_VS1 already defined)
(label I18_VS1 already defined)
(label I17_VS1 already defined)
(label I15_VS1 already defined)
(label I14_VS1 already defined)
(label I13_VS1 already defined)
(label I12_VS1 already defined)
(label I7_VS1 already defined)
(label AJOUT_IND_VS1 already defined)
(label I6_VS1 already defined)
(label I5_0_VS1 already defined)
(label I4_VS1 already defined)
(label I3_VS1 already defined)
(label I1_0_VS1 already defined)
(label handicap_label already defined)
(label lbl_Aucune already defined)
(label lbl_Français already defined)
(label lbl_Arabe already defined)
(label lbl_Wolof already defined)
(label lbl_Pulaar already defined)
(label lbl_Serere already defined)
(label lbl_Mandingue already defined)
(label lbl_Diola already defined)
(label lbl_Soninke already defined)
(label lbl_Autres already defined)
(label i21 already defined)
(label i11_0 already defined)
(label pmt_i15 already defined)
(label pmt_m11p already defined)
(label pmt_m11o already defined)
(label pmt_m11n already defined)
(label pmt_m11m already defined)
(label pmt_m11k already defined)
(label pmt_m11j already defined)
(label pmt_m11i already defined)
(label pmt_m11h already defined)
(label pmt_m11g already defined)
(label pmt_m11f already defined)
(label pmt_m11e already defined)
(label pmt_m11d already defined)
(label pmt_m11c already defined)
(label pmt_m11b already defined)
(label pmt_m11a already defined)
(label pmt_m13b already defined)
(label pmt_m13_3 already defined)
(label pmt_m13_2 already defined)
(label pmt_m13_1 already defined)
(label pmt_m9 already defined)
(label pmt_m8 already defined)
(label pmt_m7 already defined)
(label pmt_m6 already defined)
(label pmt_m5 already defined)
(label pmt_m4 already defined)
(label pmt_m1 already defined)
(label tranch_age_CM already defined)
(label m13b already defined)
(label M9_VS1 already defined)
(label M8_VS1 already defined)
(label M7_VS1 already defined)
(label M6_VS1 already defined)
(label M5_VS1 already defined)
(label M4_VS1 already defined)
(label M2_VS1 already defined)
(label M22_7_VS1 already defined)
(label M22_6_VS1 already defined)
(label M22_5_VS1 already defined)
(label M22_4_VS1 already defined)
(label M22_3_VS1 already defined)
(label M22_2_VS1 already defined)
(label M22_1_VS1 already defined)
(label M21_VS1 already defined)
(label M21_9_VS1 already defined)
(label M21_99_VS1 already defined)
(label M21_8_VS1 already defined)
(label M21_7_VS1 already defined)
(label M21_6_VS1 already defined)
(label M21_5_VS1 already defined)
(label M21_4_VS1 already defined)
(label M21_3_VS1 already defined)
(label M21_2_VS1 already defined)
(label M21_27_VS1 already defined)
(label M21_26_VS1 already defined)
(label M21_25_VS1 already defined)
(label M21_24_VS1 already defined)
(label M21_23_VS1 already defined)
(label M21_22_VS1 already defined)
(label M21_21_VS1 already defined)
(label M21_20_VS1 already defined)
(label M21_1_VS1 already defined)
(label M21_19_VS1 already defined)
(label M21_18_VS1 already defined)
(label M21_17_VS1 already defined)
(label M21_16_VS1 already defined)
(label M21_15_VS1 already defined)
(label M21_14_VS1 already defined)
(label M21_13_VS1 already defined)
(label M21_12_VS1 already defined)
(label M21_11_VS1 already defined)
(label M21_10_VS1 already defined)
(label M20X_VS1 already defined)
(label M20K_VS1 already defined)
(label M20J_VS1 already defined)
(label M20I_VS1 already defined)
(label M20H_VS1 already defined)
(label M20G_VS1 already defined)
(label M20F_VS1 already defined)
(label M20E_VS1 already defined)
(label M20D_VS1 already defined)
(label M20C_VS1 already defined)
(label M20B_VS1 already defined)
(label M20A_VS1 already defined)
(label M1_VS1 already defined)
(label M19_VS1 already defined)
(label M17_EXISTENCE_VS1 already defined)
(label M15_VS1 already defined)
(label M15BIS_VS1 already defined)
(label M14_VS1 already defined)
(label M13_3_VS1 already defined)
(label M13_2_VS1 already defined)
(label M13_1_VS1 already defined)
(label M13C_VS1 already defined)
(label M12R_VS1 already defined)
(label M12Q_VS1 already defined)
(label M12P_VS1 already defined)
(label M12O_VS1 already defined)
(label M12K_VS1 already defined)
(label M12J_VS1 already defined)
(label M12I_VS1 already defined)
(label M12G_VS1 already defined)
(label M12D_VS1 already defined)
(label M12C_VS1 already defined)
(label M12B_VS1 already defined)
(label M12A_VS1 already defined)
(label M11P_VS1 already defined)
(label M11O_VS1 already defined)
(label M11N_VS1 already defined)
(label M11M_VS1 already defined)
(label M11K_VS1 already defined)
(label M11J_VS1 already defined)
(label M11I_VS1 already defined)
(label M11H_VS1 already defined)
(label M11G_VS1 already defined)
(label M11F_VS1 already defined)
(label M11E_VS1 already defined)
(label M11D_VS1 already defined)
(label M11C_VS1 already defined)
(label M11B_VS1 already defined)
(label M11A_VS1 already defined)
(label M10_VS1 already defined)
(label _merge already defined)
(label sample already defined)
(label ouinon already defined)
(label s00q01 already defined)
(label s00q04 already defined)
(label s01q16 already defined)
(label s01q01 already defined)
(label ab1 already defined)
(label c_typehousing already defined)
(label c_housingocup already defined)
(label c_businessindwe already defined)
(label c_walls already defined)
(label c_roof already defined)
(label c_floor already defined)
(label c_connectowater already defined)
(label c_water_dry already defined)
(label c_water_rainy already defined)
(label c_connectoelec already defined)
(label c_lighting already defined)
(label c_landline already defined)
(label c_connectedtoint already defined)
(label c_internettype already defined)
(label c_connectedtotv already defined)
(label fuel already defined)
(label c_fuelfirst_r already defined)
(label c_garbage already defined)
(label c_toilet already defined)
(label c_s_toilet_urb_rur already defined)
(label c_waste already defined)
(label l_petitrum_r already defined)
(label l_grosrum_r already defined)
(label l_poultry_r already defined)
(label dem_hcsp already defined)
(label dem_branch already defined)
(label dem_hactiv7j already defined)
(label dem_heduc already defined)
(label dem_hmstat already defined)
(label dem_hage already defined)
(label dem_hactiv12m_new already defined)

. 
. 
. ****************************************************************
. * Create cutoffs
. ****************************************************************
. local list "15 18 20 30 37 40" //this local list used here and in next section

. 
. foreach t of numlist `list' {
  2.         _pctile lpcexp_pred [aw=$weight] if survey==0, p(`t')
  3.         g targetpop_`t'=r(r1)
  4. }

. 
. * Add cutoff values into registry data 
. foreach t of numlist `list' {
  2.         egen cutoff_`t' = max(targetpop_`t')
  3. }

. 
. ****************************************************************
. * Calculate coverage in registry data 
. ****************************************************************
. foreach t of numlist `list' {
  2.         g pmt_include_`t' = lpcexp_pred <= cutoff_`t'
  3. }

. 
. display "included population portion in HBS"
included population portion in HBS

. fsum pmt_include_* [aw=$weight] if survey==0 // HBS, to check that cutoffs are set correctly 

       Variable |        N     Mean       SD      Min      Max                                                                                                                              
----------------+---------------------------------------------
 pmt_include_15 |     7120     0.15     0.36     0.00     1.00  
 pmt_include_18 |     7120     0.18     0.38     0.00     1.00  
 pmt_include_20 |     7120     0.20     0.40     0.00     1.00  
 pmt_include_30 |     7120     0.30     0.46     0.00     1.00  
 pmt_include_37 |     7120     0.37     0.48     0.00     1.00  
 pmt_include_40 |     7120     0.40     0.49     0.00     1.00  

. 
. display "included population portion in RNU"
included population portion in RNU

. fsum pmt_include_* [aw=$weight] if survey==1 // RNU All

       Variable |        N     Mean       SD      Min      Max                                                                                                                              
----------------+---------------------------------------------
 pmt_include_15 |   954418     0.21     0.41     0.00     1.00  
 pmt_include_18 |   954418     0.26     0.44     0.00     1.00  
 pmt_include_20 |   954418     0.29     0.45     0.00     1.00  
 pmt_include_30 |   954418     0.44     0.50     0.00     1.00  
 pmt_include_37 |   954418     0.54     0.50     0.00     1.00  
 pmt_include_40 |   954418     0.58     0.49     0.00     1.00  

. 
. display "included population portion in RNU, Urban population"
included population portion in RNU, Urban population

. fsum pmt_include_* [aw=$weight] if survey==1 & milieu==1 // RNU Urban

       Variable |        N     Mean       SD      Min      Max                                                                                                                              
----------------+---------------------------------------------
 pmt_include_15 |   266136     0.11     0.32     0.00     1.00  
 pmt_include_18 |   266136     0.14     0.35     0.00     1.00  
 pmt_include_20 |   266136     0.16     0.37     0.00     1.00  
 pmt_include_30 |   266136     0.26     0.44     0.00     1.00  
 pmt_include_37 |   266136     0.34     0.47     0.00     1.00  
 pmt_include_40 |   266136     0.38     0.49     0.00     1.00  

. 
. display "included population portion in RNU, Rural population"
included population portion in RNU, Rural population

. fsum pmt_include_* [aw=$weight] if survey==1 & milieu==2 // RNU Rural

       Variable |        N     Mean       SD      Min      Max                                                                                                                              
----------------+---------------------------------------------
 pmt_include_15 |   688282     0.25     0.43     0.00     1.00  
 pmt_include_18 |   688282     0.31     0.46     0.00     1.00  
 pmt_include_20 |   688282     0.34     0.47     0.00     1.00  
 pmt_include_30 |   688282     0.50     0.50     0.00     1.00  
 pmt_include_37 |   688282     0.61     0.49     0.00     1.00  
 pmt_include_40 |   688282     0.66     0.47     0.00     1.00  

. 
. su cutoff_20

    Variable |        Obs        Mean    Std. dev.       Min        Max
-------------+---------------------------------------------------------
   cutoff_20 |    961,694    12.60069           0   12.60069   12.60069

. global cutoff=r(mean)

. twoway kdensity lpcexp_pred if survey==0 [aw=$weight] || kdensity lpcexp_pred if survey==1 [aw=$weight], legend(on order(1 "HBS" 2 "RNU")) title("Distribution of predicted log expenditure (PMT scores)") saving("$results\SEN_RNU_pred_distribution_LM",
>  replace) xline($cutoff)
(file /Users/jeremyschneider/Desktop/SEN PMT/results\SEN_RNU_pred_distribution_LM.gph not found)
file /Users/jeremyschneider/Desktop/SEN PMT/results\SEN_RNU_pred_distribution_LM.gph saved

. 
. capture log close
