----------------------------------------------------------------------------------------------------------------------------------------------------------------------------------
      name:  <unnamed>
       log:  /Users/jeremyschneider/Desktop/SEN PMT/log/SEN_PMT_Performance_largermodel_urban.log
  log type:  text
 opened on:   1 Jun 2025, 15:38:30

. 
. use "$data/data4model_2021_IMPUTED_largermodel.dta", clear

. keep if milieu==1 // (milieu: 1=urban, 2=rural)
(3,198 observations deleted)

. 
. global weight popweight

. global lnwelfare lpcexp

. global welfare pcexp

. 
. twoway kdensity lpcexp_pred [aw=$weight] || kdensity lpcexp_pred if b40==1 [aw=$weight], legend(order(1 "All Urban HBS" 2 "Urban HBS in Bottom 40%") size(small)) title("Urban H
> BS (Larger Model): Distribution of Predicted Log Expenditure (PMT scores)", size(small)) 

. gr save "$results/HBS_pmtscore_distribution_urban_large.gph",  replace
file /Users/jeremyschneider/Desktop/SEN PMT/results/HBS_pmtscore_distribution_urban_large.gph saved

. 
. gen samplesize = _N

. xtile decile = $lnwelfare [aw=$weight], nq(10)

. 
. gen actual = pcexp

. gen pmt = pcexp_pred

. 
. local list "15 18 20 30 37 40"

. 
. * Set cutoffs at specified percentiles in list above
. foreach t of numlist `list' {
  2.         foreach x of varlist actual pmt {
  3.                 _pctile `x' [aw=$weight] , p(`t') // here we calculate the percentile value of actual and pmt
  4.                 cap drop cut_`x'_`t'  poor_`x'_`t' 
  5.                 g cut_`x'_`t'=r(r1)  // here we define the cutoffs 
  6.                 g poor_`x'_`t'= (`x'<=cut_`x'_`t')  // here we define everyone who has a score below the cutoff as poor
  7.         }
  8. }

. 
. * Simpler format to calculate targeting perofrmance (if we dont need to calculate standard errors for example)
. svyset, clear

. 
. foreach truepoor in poor_actual_20 poor_actual_37 {
  2.         
.         preserve
  3. 
.         foreach t of numlist `list' {
  4.         
.                 qui cap drop poor_pmtpoor_`t' nonpoor_pmtpoor_`t' poor_pmtnonpoor_`t' nonpoor_pmtnonpoor_`t'
  5.                         
.                 qui g fpoor_pmtpoor_`t'         =       `truepoor' == 1 & poor_pmt_`t'==1 // Household is actually poor and pmt predicted poor
  6.                 qui g fnonpoor_pmtpoor_`t'      =       `truepoor' == 0 & poor_pmt_`t'==1 // Household is not poor but pmt predicted poor
  7.                 qui g fpoor_pmtnonpoor_`t'      =       `truepoor' == 1 & poor_pmt_`t'==0 // Household is actually poor but pmt predicted not poor
  8.                 qui g fnonpoor_pmtnonpoor_`t'=  `truepoor' == 0 & poor_pmt_`t'==0 // Household is not poor and pmt predicted not poor
  9.                 
.                 qui g ftotalaccuracy`t' = ((fpoor_pmtpoor_`t'+fnonpoor_pmtnonpoor_`t')/(fpoor_pmtpoor_`t'+fpoor_pmtnonpoor_`t'+fnonpoor_pmtpoor_`t'+fnonpoor_pmtnonpoor_`t')) //
>  (correctly predicted poor + correctly pred nonpoor)/ Total sample size
 10.                 qui g fpovertyaccuracy`t'  = (fpoor_pmtpoor_`t'/(fpoor_pmtpoor_`t'+fpoor_pmtnonpoor_`t')) // (correctly predicted poor) / (all poor)
 11.                 qui g fnpovertyaccuracy`t' = (fnonpoor_pmtnonpoor_`t'/(fnonpoor_pmtpoor_`t'+fnonpoor_pmtnonpoor_`t')) // (correctly predicted not poor) / (all non poor)
 12.                 qui g fundercoverage`t'    = (fpoor_pmtnonpoor_`t'/(fpoor_pmtpoor_`t'+fpoor_pmtnonpoor_`t'))  // (poor but predicted not poor PMT) / (all true poor)
 13.                 qui g finclusionerror`t'   = (fnonpoor_pmtpoor_`t'/(fpoor_pmtpoor_`t'+fnonpoor_pmtpoor_`t')) // (not poor but PMT predicted poor) / (all PMT pred poor)
 14.                 
.         }
 15. 
.         fsum ftotalaccuracy* fpovertyaccuracy* fnpovertyaccuracy* fundercoverage* finclusionerror*  [aw=$weight] 
 16. 
.         keep fundercoverage* finclusionerror*  $weight
 17.         collapse (mean) fundercoverage* finclusionerror*   [pw=$weight] 
 18. 
.         save "$results/SEN2021_SWIFTPMT_targeting_urban_large_performance_`truepoor'.dta",replace
 19. 
.         restore
 20. }

            Variable |        N     Mean       SD      Min      Max                                                                                                                              
---------------------+---------------------------------------------
    ftotalaccuracy15 |     3922     0.86     0.35     0.00     1.00  
    ftotalaccuracy18 |     3922     0.86     0.35     0.00     1.00  
    ftotalaccuracy20 |     3922     0.86     0.34     0.00     1.00  
    ftotalaccuracy30 |     3922     0.82     0.38     0.00     1.00  
    ftotalaccuracy37 |     3922     0.78     0.41     0.00     1.00  
    ftotalaccuracy40 |     3922     0.76     0.42     0.00     1.00  
  fpovertyaccuracy15 |      846     0.53     0.50     0.00     1.00  
  fpovertyaccuracy18 |      846     0.60     0.49     0.00     1.00  
  fpovertyaccuracy20 |      846     0.66     0.48     0.00     1.00  
  fpovertyaccuracy30 |      846     0.80     0.40     0.00     1.00  
  fpovertyaccuracy37 |      846     0.88     0.33     0.00     1.00  
  fpovertyaccuracy40 |      846     0.91     0.28     0.00     1.00  
 fnpovertyaccuracy15 |     3076     0.94     0.23     0.00     1.00  
 fnpovertyaccuracy18 |     3076     0.93     0.26     0.00     1.00  
 fnpovertyaccuracy20 |     3076     0.91     0.28     0.00     1.00  
 fnpovertyaccuracy30 |     3076     0.83     0.38     0.00     1.00  
 fnpovertyaccuracy37 |     3076     0.76     0.43     0.00     1.00  
 fnpovertyaccuracy40 |     3076     0.73     0.45     0.00     1.00  
    fundercoverage15 |      846     0.47     0.50     0.00     1.00  
    fundercoverage18 |      846     0.40     0.49     0.00     1.00  
    fundercoverage20 |      846     0.34     0.48     0.00     1.00  
    fundercoverage30 |      846     0.20     0.40     0.00     1.00  
    fundercoverage37 |      846     0.12     0.33     0.00     1.00  
    fundercoverage40 |      846     0.09     0.28     0.00     1.00  
   finclusionerror15 |      657     0.29     0.46     0.00     1.00  
   finclusionerror18 |      795     0.33     0.47     0.00     1.00  
   finclusionerror20 |      877     0.34     0.48     0.00     1.00  
   finclusionerror30 |     1233     0.47     0.50     0.00     1.00  
   finclusionerror37 |     1451     0.53     0.50     0.00     1.00  
   finclusionerror40 |     1548     0.54     0.50     0.00     1.00  
(file /Users/jeremyschneider/Desktop/SEN PMT/results/SEN2021_SWIFTPMT_targeting_urban_large_performance_poor_actual_20.dta not found)
file /Users/jeremyschneider/Desktop/SEN PMT/results/SEN2021_SWIFTPMT_targeting_urban_large_performance_poor_actual_20.dta saved

            Variable |        N     Mean       SD      Min      Max                                                                                                                              
---------------------+---------------------------------------------
    ftotalaccuracy15 |     3922     0.74     0.44     0.00     1.00  
    ftotalaccuracy18 |     3922     0.76     0.43     0.00     1.00  
    ftotalaccuracy20 |     3922     0.77     0.42     0.00     1.00  
    ftotalaccuracy30 |     3922     0.80     0.40     0.00     1.00  
    ftotalaccuracy37 |     3922     0.81     0.39     0.00     1.00  
    ftotalaccuracy40 |     3922     0.82     0.38     0.00     1.00  
  fpovertyaccuracy15 |     1436     0.35     0.48     0.00     1.00  
  fpovertyaccuracy18 |     1436     0.41     0.49     0.00     1.00  
  fpovertyaccuracy20 |     1436     0.46     0.50     0.00     1.00  
  fpovertyaccuracy30 |     1436     0.64     0.48     0.00     1.00  
  fpovertyaccuracy37 |     1436     0.75     0.43     0.00     1.00  
  fpovertyaccuracy40 |     1436     0.80     0.40     0.00     1.00  
 fnpovertyaccuracy15 |     2486     0.97     0.17     0.00     1.00  
 fnpovertyaccuracy18 |     2486     0.96     0.20     0.00     1.00  
 fnpovertyaccuracy20 |     2486     0.95     0.22     0.00     1.00  
 fnpovertyaccuracy30 |     2486     0.90     0.30     0.00     1.00  
 fnpovertyaccuracy37 |     2486     0.85     0.35     0.00     1.00  
 fnpovertyaccuracy40 |     2486     0.83     0.37     0.00     1.00  
    fundercoverage15 |     1436     0.65     0.48     0.00     1.00  
    fundercoverage18 |     1436     0.59     0.49     0.00     1.00  
    fundercoverage20 |     1436     0.54     0.50     0.00     1.00  
    fundercoverage30 |     1436     0.36     0.48     0.00     1.00  
    fundercoverage37 |     1436     0.25     0.43     0.00     1.00  
    fundercoverage40 |     1436     0.20     0.40     0.00     1.00  
   finclusionerror15 |      657     0.13     0.34     0.00     1.00  
   finclusionerror18 |      795     0.15     0.36     0.00     1.00  
   finclusionerror20 |      877     0.16     0.36     0.00     1.00  
   finclusionerror30 |     1233     0.22     0.41     0.00     1.00  
   finclusionerror37 |     1451     0.25     0.43     0.00     1.00  
   finclusionerror40 |     1548     0.26     0.44     0.00     1.00  
(file /Users/jeremyschneider/Desktop/SEN PMT/results/SEN2021_SWIFTPMT_targeting_urban_large_performance_poor_actual_37.dta not found)
file /Users/jeremyschneider/Desktop/SEN PMT/results/SEN2021_SWIFTPMT_targeting_urban_large_performance_poor_actual_37.dta saved

. 
. 
. /*
>         preserve 
>         keep if _n == 1 
>         save "$results/SEN2021_SWIFTPMT_targeting_urban_large.dta",replace
>         restore 
> 
> 
> * PMT Coverage by decile -- LEAKAGE
> preserve 
>         foreach t in 15 18 20 30 37 40 {        
>                         
>                         qui: gen dist_`t' = .
>                         
>                         qui: tab decile [aw = $weight] if poor_pmt_`t' == 1,    matcell(table)          
>                         
>                         qui: matrix list table          // cette partie du code est le seul moyen d'enregistrer les pourcentages de la commande "tab", et de sauter les déciles 
> ayant 0 observations qui ne s'affiche pas dans le tableau créé par la commande
>                         local obs = r(N)                        
>                         local cat = r(r)
>                         
>                         local i = 1
>                         local j = 0 
>                         qui: di `cat'
>                         
>                          while `i' <= 10 & `j'  <= `cat' {
>                                         
>                                         *qui: di "Calculating decile `i' (which is value `j' out of `cat' in the table)"
> 
>                                         qui: count if poor_pmt_`t' == 1 & decile == `i'
>                                         local decile_obs = r(N)
> 
> 
>                                         if `decile_obs' != 0 {
>                                                 
>                                                         qui: replace dist_`t' = 100 * (table[`j'+1,1] / `obs') if decile == `i'
>                                                         local i = `i' + 1       
>                                                         local j = `j' + 1
>                                                         qui: di "i:`i', j: `j' "
>                                         }
>                                         
>                                                 
>                                         else {
>                                                 qui: replace dist_`t' = 0 if decile == `i'
>                                                 local i = `i' + 1
>                                                 qui: di "i:`i', j: `j' "
> 
>                         }
>                                         
>                 }
>                          
>                  
> }                       
> collapse (mean) dist_15 dist_18 dist_20 dist_30 dist_37 dist_40, by(decile)
> save "$results/SEN2021_SWIFTPMT_leakage_urban_large.dta", replace 
> restore 
> 
> 
> * PMT Non-coverage by decile -- UNDERCOVERAGE 
> preserve 
> 
>                 foreach t in 15 18 20 30 37 40 {        
>                 
>                 qui: gen dist_`t' = .
>                 
>                 qui: tab decile [aw = $weight] if poor_pmt_`t' == 0,    matcell(table)          
>                 
>                 qui: matrix list table          // cette partie du code est le seul moyen d'enregistrer les pourcentages de la commande "tab", et de sauter les déciles ayant 0 
> observations qui ne s'affiche pas dans le tableau créé par la commande
>                 local obs = r(N)                        
>                 local cat = r(r)
>                 
>                 local i = 1
>                 local j = 0 
>                 qui: di `cat'
>                 
>                  while `i' <= 10 & `j'  <= `cat' {
>                                 
>                                 *qui: di "Calculating decile `i' (which is value `j' out of `cat' in the table)"
> 
>                                 qui: count if poor_pmt_`t' == 0 & decile == `i'
>                                 local decile_obs = r(N)
> 
> 
>                                 if `decile_obs' != 0 {
>                                         
>                                                 qui: replace dist_`t' = 100 * (table[`j'+1,1] / `obs') if decile == `i'
>                                                 local i = `i' + 1       
>                                                 local j = `j' + 1
>                                                 qui: di "i:`i', j: `j' "
>                                 }
>                                 
>                                         
>                                 else {
>                                         qui: replace dist_`t' = 0 if decile == `i'
>                                         local i = `i' + 1
>                                         qui: di "i:`i', j: `j' "
> 
>                 }
>                                 
>         }
>                  
>          
> }                                                               
> collapse (mean) dist_15 dist_18 dist_20 dist_30 dist_37 dist_40, by(decile)
> save "$results/SEN2021_SWIFTPMT_undercoverage_urban_large.dta", replace 
> restore                                                 
> 
> 
> * PMT Non-Coverage Decile Graph 
> use "$results/SEN2021_SWIFTPMT_undercoverage_urban_large.dta", clear 
> sort decile
> gen dist_20_opp = 100 - dist_20
> graph twoway   ///              choosing poorest 20% as true poor population (dist_20)
>         (bar dist_20_opp decile if decile <= 2, fcolor(maroon*0.6) lcolor(maroon*0.6)) ///
>     (bar dist_20_opp decile if decile >= 3 & decile <= 5, fcolor(sand*0.6) lcolor(sand*0.6)) ///
>     (bar dist_20_opp decile if decile >= 6,  fcolor(dkgreen*0.6) lcolor(dkgreen*0.6)), ///
>         legend(off) ytitle("Percent of All Covered Households Urban", size(medsmall)) xtitle("Decile of True Consumption Level (true poor bottom 20%)", size(medsmall)) xlabel(1
> (1)10, labsize(small)) ylabel(84(3)100,labsize(small))
> gr save "$results/SEN2021_undercoverage_truepoor20_urban_large.gph",  replace
> 
> gen dist_37_opp = 100 - dist_37
> graph twoway   ///              choosing poorest 37% as true poor population (dist_37)
>         (bar dist_37_opp decile if decile <= 2, fcolor(maroon*0.6) lcolor(maroon*0.6)) ///
>     (bar dist_37_opp decile if decile >= 3 & decile <= 5, fcolor(sand*0.6) lcolor(sand*0.6)) ///
>     (bar dist_37_opp decile if decile >= 6,  fcolor(dkgreen*0.6) lcolor(dkgreen*0.6)), ///
>         legend(off) ytitle("Percent of All Covered Households Urban", size(medsmall)) xtitle("Decile of True Consumption Level (true poor bottom 37%)", size(medsmall)) xlabel(1
> (1)10, labsize(small)) ylabel(84(3)100,labsize(small))
> gr save "$results/SEN2021_undercoverage_truepoor37_urban_large.gph",  replace
> 
> 
> * PMT Coverage Decile Graph                                                                     
> use "$results/SEN2021_SWIFTPMT_leakage_urban_large.dta", clear 
> sort decile
> graph twoway   ///              choosing poorest 20% as true poor population (dist_20)
>         (bar dist_20 decile if decile <= 2, fcolor(dkgreen*0.6) lcolor(dkgreen*0.6)) ///
>     (bar dist_20 decile if decile >= 3 & decile <= 5, fcolor(sand*0.6) lcolor(sand*0.6)) ///
>     (bar dist_20 decile if decile >= 6,  fcolor(maroon*0.6) lcolor(maroon*0.6)), ///
>          legend(off)ytitle("Percent of All Covered Households", size(medsmall)) xtitle("Decile of True Consumption Level (true poor bottom 20%)", size(medsmall)) xlabel(1(1)10,
>  labsize(small)) ylabel(,labsize(small))  title("Distribution of eligible population Urban")
> gr save "$results/SEN2021_leakage_truepoor20_urban_large.gph",  replace
> 
> graph twoway   ///              choosing poorest 20% as true poor population (dist_37)
>         (bar dist_37 decile if decile <= 2, fcolor(dkgreen*0.6) lcolor(dkgreen*0.6)) ///
>     (bar dist_37 decile if decile >= 3 & decile <= 5, fcolor(sand*0.6) lcolor(sand*0.6)) ///
>     (bar dist_37 decile if decile >= 6,  fcolor(maroon*0.6) lcolor(maroon*0.6)), ///
>          legend(off)ytitle("Percent of All Covered Households", size(medsmall)) xtitle("Decile of True Consumption Level (true poor bottom 37%)", size(medsmall)) xlabel(1(1)10,
>  labsize(small)) ylabel(,labsize(small))  title("Distribution of eligible population Urban")
> gr save "$results/SEN2021_leakage_truepoor37_urban_large.gph",  replace
> 
> */      
. capture log close
